// Jest Snapshot v1, https://goo.gl/fbAQLP

exports[`should render the treehouse homepage if logged in 1`] = `
<div>
  <h1>
    Welcome to the Secret Treehouse!
  </h1>
  <p>
    You are signed in as 
    test@example.com
  </p>
  <a
    href="/treehouse/members"
  >
    View the Treehouse Members
  </a>
  <button
    aria-label="Sign Out"
    class="signOut"
    type="button"
  >
    Sign out
  </button>
  <img
    alt="Top secret treehouse image"
    src="/path/image"
  />
</div>
`;
